// Jest Snapshot v1, https://goo.gl/fbAQLP

exports[`Basic Components Button should match snapshot 1`] = `
<div>
  <button
    class=""
    style="display: inline-flex; appearance: none; align-items: center; justify-content: center; transition: all 250ms; user-select: none; position: relative; white-space: nowrap; vertical-align: middle; outline: none; width: auto;"
  >
    Test
  </button>
</div>
`;
