// Jest Snapshot v1, https://goo.gl/fbAQLP

exports[`DropDown should match snapshot 1`] = `ReactWrapper {}`;
