// Jest Snapshot v1, https://goo.gl/fbAQLP

exports[`ToggleSwitch should match snapshot 1`] = `ReactWrapper {}`;
