// Jest Snapshot v1, https://goo.gl/fbAQLP

exports[`Avatar should match snapshot 1`] = `ReactWrapper {}`;
